// Jest Snapshot v1, https://goo.gl/fbAQLP

exports[`Main 페이지가 정상적으로 렌더링 되나요? 1`] = `
<RNCSafeAreaProvider
  onInsetsChange={[Function]}
  style={
    [
      {
        "flex": 1,
      },
      undefined,
    ]
  }
/>
`;
